List(
  TimeIntervalForDate(date = 2019-05-02, interval = TimeInterval(start = 10:00, end = 12:00)),
  TimeIntervalForDate(date = 2019-05-02, interval = TimeInterval(start = 11:00, end = 13:00)),
  TimeIntervalForDate(date = 2019-05-02, interval = TimeInterval(start = 12:00, end = 14:00)),
  TimeIntervalForDate(date = 2019-05-02, interval = TimeInterval(start = 13:00, end = 15:00)),
  TimeIntervalForDate(date = 2019-05-02, interval = TimeInterval(start = 14:00, end = 16:00)),
  TimeIntervalForDate(date = 2019-05-02, interval = TimeInterval(start = 15:00, end = 17:00)),
  TimeIntervalForDate(date = 2019-05-02, interval = TimeInterval(start = 16:00, end = 18:00)),
  TimeIntervalForDate(date = 2019-05-02, interval = TimeInterval(start = 17:00, end = 19:00)),
  TimeIntervalForDate(date = 2019-05-03, interval = TimeInterval(start = 10:00, end = 12:00)),
  TimeIntervalForDate(date = 2019-05-03, interval = TimeInterval(start = 11:00, end = 13:00)),
  TimeIntervalForDate(date = 2019-05-03, interval = TimeInterval(start = 12:00, end = 14:00)),
  TimeIntervalForDate(date = 2019-05-03, interval = TimeInterval(start = 13:00, end = 15:00)),
  TimeIntervalForDate(date = 2019-05-03, interval = TimeInterval(start = 14:00, end = 16:00)),
  TimeIntervalForDate(date = 2019-05-03, interval = TimeInterval(start = 15:00, end = 17:00)),
  TimeIntervalForDate(date = 2019-05-03, interval = TimeInterval(start = 16:00, end = 18:00)),
  TimeIntervalForDate(date = 2019-05-03, interval = TimeInterval(start = 17:00, end = 19:00)),
  TimeIntervalForDate(date = 2019-05-04, interval = TimeInterval(start = 09:00, end = 11:00)),
  TimeIntervalForDate(date = 2019-05-04, interval = TimeInterval(start = 10:00, end = 12:00)),
  TimeIntervalForDate(date = 2019-05-04, interval = TimeInterval(start = 11:00, end = 13:00)),
  TimeIntervalForDate(date = 2019-05-04, interval = TimeInterval(start = 12:00, end = 14:00)),
  TimeIntervalForDate(date = 2019-05-04, interval = TimeInterval(start = 15:00, end = 17:00)),
  TimeIntervalForDate(date = 2019-05-04, interval = TimeInterval(start = 16:00, end = 18:00)),
  TimeIntervalForDate(date = 2019-05-04, interval = TimeInterval(start = 17:00, end = 19:00)),
  TimeIntervalForDate(date = 2019-05-06, interval = TimeInterval(start = 09:00, end = 11:00)),
  TimeIntervalForDate(date = 2019-05-06, interval = TimeInterval(start = 10:00, end = 12:00)),
  TimeIntervalForDate(date = 2019-05-06, interval = TimeInterval(start = 11:00, end = 13:00)),
  TimeIntervalForDate(date = 2019-05-06, interval = TimeInterval(start = 12:00, end = 14:00)),
  TimeIntervalForDate(date = 2019-05-06, interval = TimeInterval(start = 13:00, end = 15:00)),
  TimeIntervalForDate(date = 2019-05-06, interval = TimeInterval(start = 14:00, end = 16:00)),
  TimeIntervalForDate(date = 2019-05-06, interval = TimeInterval(start = 15:00, end = 17:00)),
  TimeIntervalForDate(date = 2019-05-06, interval = TimeInterval(start = 16:00, end = 18:00)),
  TimeIntervalForDate(date = 2019-05-06, interval = TimeInterval(start = 17:00, end = 19:00)),
  TimeIntervalForDate(date = 2019-05-07, interval = TimeInterval(start = 10:00, end = 12:00)),
  TimeIntervalForDate(date = 2019-05-07, interval = TimeInterval(start = 11:00, end = 13:00)),
  TimeIntervalForDate(date = 2019-05-07, interval = TimeInterval(start = 12:00, end = 14:00)),
  TimeIntervalForDate(date = 2019-05-07, interval = TimeInterval(start = 15:00, end = 17:00)),
  TimeIntervalForDate(date = 2019-05-07, interval = TimeInterval(start = 16:00, end = 18:00)),
  TimeIntervalForDate(date = 2019-05-07, interval = TimeInterval(start = 17:00, end = 19:00)),
  TimeIntervalForDate(date = 2019-05-08, interval = TimeInterval(start = 10:00, end = 12:00)),
  TimeIntervalForDate(date = 2019-05-08, interval = TimeInterval(start = 11:00, end = 13:00)),
  TimeIntervalForDate(date = 2019-05-08, interval = TimeInterval(start = 12:00, end = 14:00)),
  TimeIntervalForDate(date = 2019-05-08, interval = TimeInterval(start = 13:00, end = 15:00)),
  TimeIntervalForDate(date = 2019-05-08, interval = TimeInterval(start = 14:00, end = 16:00)),
  TimeIntervalForDate(date = 2019-05-08, interval = TimeInterval(start = 15:00, end = 17:00)),
  TimeIntervalForDate(date = 2019-05-08, interval = TimeInterval(start = 16:00, end = 18:00)),
  TimeIntervalForDate(date = 2019-05-08, interval = TimeInterval(start = 17:00, end = 19:00)),
  TimeIntervalForDate(date = 2019-05-08, interval = TimeInterval(start = 18:00, end = 20:00)),
  TimeIntervalForDate(date = 2019-05-09, interval = TimeInterval(start = 10:00, end = 12:00)),
  TimeIntervalForDate(date = 2019-05-09, interval = TimeInterval(start = 11:00, end = 13:00)),
  TimeIntervalForDate(date = 2019-05-09, interval = TimeInterval(start = 12:00, end = 14:00)),
  TimeIntervalForDate(date = 2019-05-09, interval = TimeInterval(start = 13:00, end = 15:00)),
  TimeIntervalForDate(date = 2019-05-09, interval = TimeInterval(start = 14:00, end = 16:00)),
  TimeIntervalForDate(date = 2019-05-09, interval = TimeInterval(start = 15:00, end = 17:00)),
  TimeIntervalForDate(date = 2019-05-09, interval = TimeInterval(start = 16:00, end = 18:00)),
  TimeIntervalForDate(date = 2019-05-09, interval = TimeInterval(start = 17:00, end = 19:00)),
  TimeIntervalForDate(date = 2019-05-10, interval = TimeInterval(start = 10:00, end = 12:00)),
  TimeIntervalForDate(date = 2019-05-10, interval = TimeInterval(start = 11:00, end = 13:00)),
  TimeIntervalForDate(date = 2019-05-10, interval = TimeInterval(start = 12:00, end = 14:00)),
  TimeIntervalForDate(date = 2019-05-10, interval = TimeInterval(start = 13:00, end = 15:00)),
  TimeIntervalForDate(date = 2019-05-10, interval = TimeInterval(start = 14:00, end = 16:00)),
  TimeIntervalForDate(date = 2019-05-10, interval = TimeInterval(start = 15:00, end = 17:00)),
  TimeIntervalForDate(date = 2019-05-10, interval = TimeInterval(start = 16:00, end = 18:00)),
  TimeIntervalForDate(date = 2019-05-10, interval = TimeInterval(start = 17:00, end = 19:00)),
  TimeIntervalForDate(date = 2019-05-11, interval = TimeInterval(start = 09:00, end = 11:00)),
  TimeIntervalForDate(date = 2019-05-11, interval = TimeInterval(start = 10:00, end = 12:00)),
  TimeIntervalForDate(date = 2019-05-11, interval = TimeInterval(start = 11:00, end = 13:00)),
  TimeIntervalForDate(date = 2019-05-11, interval = TimeInterval(start = 12:00, end = 14:00)),
  TimeIntervalForDate(date = 2019-05-11, interval = TimeInterval(start = 15:00, end = 17:00)),
  TimeIntervalForDate(date = 2019-05-11, interval = TimeInterval(start = 16:00, end = 18:00)),
  TimeIntervalForDate(date = 2019-05-11, interval = TimeInterval(start = 17:00, end = 19:00))
)